// Jest Snapshot v1, https://goo.gl/fbAQLP

exports[`Button Component Snap Shot Testing should create or match previous snapshot of the component 1`] = `
<ButtonInput
  buttonName="Submit"
  onClickHandler={[MockFunction]}
  type="submit"
>
  <Button
    as="button"
    onClick={[Function]}
    type="submit"
  >
    <Ref
      innerRef={
        Object {
          "current": <button
            class="ui button"
            type="submit"
          >
            Submit
          </button>,
        }
      }
    >
      <RefFindNode
        innerRef={
          Object {
            "current": <button
              class="ui button"
              type="submit"
            >
              Submit
            </button>,
          }
        }
      >
        <button
          className="ui button"
          onClick={[Function]}
          type="submit"
        >
          Submit
        </button>
      </RefFindNode>
    </Ref>
  </Button>
</ButtonInput>
`;
