// Jest Snapshot v1, https://goo.gl/fbAQLP

exports[`Password Input Snapshot Testing should create or match previous snapshot of the component 1`] = `
<PasswordInput
  onChangeHandler={[MockFunction]}
>
  <input
    onChange={[Function]}
    type="password"
  />
  <i
    className="fa"
    onClick={[Function]}
    style={
      Object {
        "fontSize": "24px",
      }
    }
  >
    
  </i>
  <span
    id="error"
  />
</PasswordInput>
`;
