// Jest Snapshot v1, https://goo.gl/fbAQLP

exports[`TextInput Component Simulation of input event Snap Shot Testing should match the previous snapshot/if new then create a new snapshot 1`] = `
<TextInput
  onChangeHandler={[MockFunction]}
  type="text"
>
  <Input
    onChange={[Function]}
    type="text"
  >
    <div
      className="ui input"
    >
      <input
        onChange={[Function]}
        type="text"
      />
    </div>
  </Input>
  <span
    id="error"
  />
</TextInput>
`;
