// Jest Snapshot v1, https://goo.gl/fbAQLP

exports[`Login Container Testing Snap Shot Testing should create or match previous snapshot of the component 1`] = `
<Fragment>
  <Form
    as="form"
  >
    <TextInput
      name="userCredential"
      onChangeHandler={[Function]}
      placeholder="Username/Email"
      type="text"
      value=""
    />
    <PasswordInput
      name="password"
      onChangeHandler={[Function]}
      placeholder="Password"
      value=""
    />
    <ButtonInput
      buttonName="Submit"
      id="f-submitter"
      onClickHandler={[Function]}
      type="submit"
    />
    <Message
      negative={true}
    />
  </Form>
</Fragment>
`;
